###############################################################################
#
# IAR ELF Linker V9.40.1.364/W64 for ARM                  09/Jul/2023  16:04:04
# Copyright 2007-2023 IAR Systems AB.
#
#    Output file  =  C:\embedded_projects\lesson_14\Debug\Exe\c.out
#    Map file     =  C:\embedded_projects\lesson_14\Debug\List\c.map
#    Command line =
#        -f C:\embedded_projects\lesson_14\Debug\Exe\c.out.rsp
#        (C:\embedded_projects\lesson_14\Debug\Obj\delay.o
#        C:\embedded_projects\lesson_14\Debug\Obj\main.o
#        C:\embedded_projects\lesson_14\Debug\Obj\startup_tm4c.o
#        --no_out_extension -o C:\embedded_projects\lesson_14\Debug\Exe\c.out
#        --redirect _Printf=_PrintfFullNoMb --redirect _Scanf=_ScanfFullNoMb
#        --map C:\embedded_projects\lesson_14\Debug\List\c.map --config
#        C:\embedded_projects\lesson_10\project.icf --entry __iar_program_start
#        "C:\Program Files\IAR Systems\Embedded Workbench
#        9.2\arm\CMSIS\Lib\IAR\iar_cortexM4lf_math.a" --vfe --text_out locale
#        --cpu=Cortex-M4 --fpu=VFPv4_sp) --dependencies=n
#        C:\embedded_projects\lesson_14\Debug\Exe\c.out.iar_deps
#
###############################################################################

*******************************************************************************
*** RUNTIME MODEL ATTRIBUTES
***

CppFlavor       = *
__CPP_Runtime   = 1
__SystemLibrary = DLib
__dlib_version  = 6


*******************************************************************************
*** HEAP SELECTION
***

The basic heap was selected because --advanced_heap
was not specified and the application did not appear to
be primarily optimized for speed.


*******************************************************************************
*** PLACEMENT SUMMARY
***

"A0":  place at address 0x0 { ro section .intvec };
"P1":  place in [from 0x0 to 0x3'ffff] { ro };

No sections matched the following patterns:

  rw  in "P2"


  Section  Kind     Address   Size  Object
  -------  ----     -------   ----  ------
"A0":                          0x8
  .intvec  const        0x0    0x8  startup_tm4c.o [1]
                      - 0x8    0x8

"P1":                        0x104
  .text    ro code      0x8   0x6c  main.o [1]
  .text    ro code     0x74   0x18  delay.o [1]
  .text    ro code     0x8c   0x22  fpinit_M.o [3]
  .text    ro code     0xb0   0x1e  cmain.o [4]
  .text    ro code     0xce    0x4  low_level_init.o [2]
  .text    ro code     0xd2    0x4  exit.o [2]
  .text    ro code     0xd8    0xa  cexit.o [4]
  .text    ro code     0xe4    0xc  XXexit.o [4]
  .text    ro code     0xf0   0x1c  cstartup_M.o [4]
                    - 0x10c  0x104

Unused ranges:

   From        To      Size
   ----        --      ----
  0x10c  0x3'ffff  0x3'fef4



*******************************************************************************
*** MODULE SUMMARY
***

    Module            ro code  ro data
    ------            -------  -------
command line/config:
    ----------------------------------
    Total:

C:\embedded_projects\lesson_14\Debug\Obj: [1]
    delay.o                24
    main.o                108
    startup_tm4c.o                   8
    ----------------------------------
    Total:                132        8

dl7M_tln.a: [2]
    exit.o                  4
    low_level_init.o        4
    ----------------------------------
    Total:                  8

m7M_tls.a: [3]
    fpinit_M.o             34
    ----------------------------------
    Total:                 34

rt7M_tl.a: [4]
    XXexit.o               12
    cexit.o                10
    cmain.o                30
    cstartup_M.o           28
    ----------------------------------
    Total:                 80

    Gaps                    6
--------------------------------------
    Grand Total:          260        8


*******************************************************************************
*** ENTRY LIST
***

Entry                 Address  Size  Type      Object
-----                 -------  ----  ----      ------
?main                    0xb1        Code  Gb  cmain.o [4]
Region$$Table$$Base       0x0         --   Gb  - Linker created -
Region$$Table$$Limit      0x0         --   Gb  - Linker created -
__cmain                  0xb1        Code  Gb  cmain.o [4]
__exit                   0xe5        Code  Gb  XXexit.o [4]
__iar_init_vfp           0x8d        Code  Gb  fpinit_M.o [3]
__iar_program_start      0xf1        Code  Gb  cstartup_M.o [4]
__low_level_init         0xcf   0x4  Code  Gb  low_level_init.o [2]
__vector_table            0x0   0x8  Data  Gb  startup_tm4c.o [1]
_call_main               0xbd        Code  Gb  cmain.o [4]
_exit                    0xd9        Code  Gb  cexit.o [4]
exit                     0xd3   0x4  Code  Gb  exit.o [2]
main                      0x9  0x54  Code  Gb  main.o [1]
waitFor                  0x75  0x18  Code  Gb  delay.o [1]


[1] = C:\embedded_projects\lesson_14\Debug\Obj
[2] = dl7M_tln.a
[3] = m7M_tls.a
[4] = rt7M_tl.a

  260 bytes of readonly  code memory
    8 bytes of readonly  data memory

Errors: none
Warnings: none
