###############################################################################
#
# IAR ELF Linker V9.40.1.364/W64 for ARM                  09/Jul/2023  14:39:00
# Copyright 2007-2023 IAR Systems AB.
#
#    Output file  =  C:\embedded_projects\lesson_13\Debug\Exe\c.out
#    Map file     =  C:\embedded_projects\lesson_13\Debug\List\c.map
#    Command line =
#        -f C:\embedded_projects\lesson_13\Debug\Exe\c.out.rsp
#        (C:\embedded_projects\lesson_13\Debug\Obj\delay.o
#        C:\embedded_projects\lesson_13\Debug\Obj\main.o --no_out_extension -o
#        C:\embedded_projects\lesson_13\Debug\Exe\c.out --redirect
#        _Printf=_PrintfFullNoMb --redirect _Scanf=_ScanfFullNoMb --map
#        C:\embedded_projects\lesson_13\Debug\List\c.map --config
#        C:\embedded_projects\lesson_10\project.icf --entry __iar_program_start
#        "C:\Program Files\IAR Systems\Embedded Workbench
#        9.2\arm\CMSIS\Lib\IAR\iar_cortexM4lf_math.a" --vfe --text_out locale
#        --cpu=Cortex-M4 --fpu=VFPv4_sp) --dependencies=n
#        C:\embedded_projects\lesson_13\Debug\Exe\c.out.iar_deps
#
###############################################################################

*******************************************************************************
*** RUNTIME MODEL ATTRIBUTES
***

CppFlavor       = *
__CPP_Runtime   = 1
__SystemLibrary = DLib
__dlib_version  = 6


*******************************************************************************
*** HEAP SELECTION
***

The basic heap was selected because --advanced_heap
was not specified and the application did not appear to
be primarily optimized for speed.


*******************************************************************************
*** PLACEMENT SUMMARY
***

"A0":  place at address 0x0 { ro section .intvec };
"P1":  place in [from 0x0 to 0x3'ffff] { ro };
define block CSTACK with size = 1K, alignment = 8 { };
define block HEAP with size = 0, alignment = 8 { };
"P2":  place in [from 0x2000'0000 to 0x2000'7fff] {
          rw, block CSTACK, block HEAP };

No sections matched the following patterns:

  rw  in "P2"


  Section   Kind         Address   Size  Object
  -------   ----         -------   ----  ------
"A0":                              0x40
  .intvec   ro code          0x0   0x40  vector_table_M.o [4]
                          - 0x40   0x40

"P1":                             0x104
  .text     ro code         0x40   0x6c  main.o [1]
  .text     ro code         0xac   0x18  delay.o [1]
  .text     ro code         0xc4   0x22  fpinit_M.o [3]
  .text     ro code         0xe6    0x2  vectortrap_M.o [4]
  .text     ro code         0xe8   0x1e  cmain.o [4]
  .text     ro code        0x106    0x4  low_level_init.o [2]
  .text     ro code        0x10a    0x4  exit.o [2]
  .text     ro code        0x110    0xa  cexit.o [4]
  .text     ro code        0x11c    0xc  XXexit.o [4]
  .text     ro code        0x128   0x1c  cstartup_M.o [4]
                         - 0x144  0x104

"P2":                             0x400
  CSTACK             0x2000'0000  0x400  <Block>
    CSTACK  uninit   0x2000'0000  0x400  <Block tail>
                   - 0x2000'0400  0x400

Unused ranges:

         From           To      Size
         ----           --      ----
        0x144     0x3'ffff  0x3'febc
  0x2000'0400  0x2000'7fff    0x7c00



*******************************************************************************
*** MODULE SUMMARY
***

    Module            ro code  rw data
    ------            -------  -------
command line/config:
    ----------------------------------
    Total:

C:\embedded_projects\lesson_13\Debug\Obj: [1]
    delay.o                24
    main.o                108
    ----------------------------------
    Total:                132

dl7M_tln.a: [2]
    exit.o                  4
    low_level_init.o        4
    ----------------------------------
    Total:                  8

m7M_tls.a: [3]
    fpinit_M.o             34
    ----------------------------------
    Total:                 34

rt7M_tl.a: [4]
    XXexit.o               12
    cexit.o                10
    cmain.o                30
    cstartup_M.o           28
    vector_table_M.o       64
    vectortrap_M.o          2
    ----------------------------------
    Total:                146

    Gaps                    4
    Linker created               1'024
--------------------------------------
    Grand Total:          324    1'024


*******************************************************************************
*** ENTRY LIST
***

Entry                     Address  Size  Type      Object
-----                     -------  ----  ----      ------
?main                        0xe9        Code  Gb  cmain.o [4]
BusFault_Handler             0xe7        Code  Wk  vectortrap_M.o [4]
CSTACK$$Base          0x2000'0000         --   Gb  - Linker created -
CSTACK$$Limit         0x2000'0400         --   Gb  - Linker created -
DebugMon_Handler             0xe7        Code  Wk  vectortrap_M.o [4]
HardFault_Handler            0xe7        Code  Wk  vectortrap_M.o [4]
MemManage_Handler            0xe7        Code  Wk  vectortrap_M.o [4]
NMI_Handler                  0xe7        Code  Wk  vectortrap_M.o [4]
PendSV_Handler               0xe7        Code  Wk  vectortrap_M.o [4]
Region$$Table$$Base           0x0         --   Gb  - Linker created -
Region$$Table$$Limit          0x0         --   Gb  - Linker created -
SVC_Handler                  0xe7        Code  Wk  vectortrap_M.o [4]
SysTick_Handler              0xe7        Code  Wk  vectortrap_M.o [4]
UsageFault_Handler           0xe7        Code  Wk  vectortrap_M.o [4]
__cmain                      0xe9        Code  Gb  cmain.o [4]
__exit                      0x11d        Code  Gb  XXexit.o [4]
__iar_init_vfp               0xc5        Code  Gb  fpinit_M.o [3]
__iar_program_start         0x129        Code  Gb  cstartup_M.o [4]
__low_level_init            0x107   0x4  Code  Gb  low_level_init.o [2]
__vector_table                0x0        Data  Gb  vector_table_M.o [4]
_call_main                   0xf5        Code  Gb  cmain.o [4]
_exit                       0x111        Code  Gb  cexit.o [4]
exit                        0x10b   0x4  Code  Gb  exit.o [2]
main                         0x41  0x54  Code  Gb  main.o [1]
waitFor                      0xad  0x18  Code  Gb  delay.o [1]


[1] = C:\embedded_projects\lesson_13\Debug\Obj
[2] = dl7M_tln.a
[3] = m7M_tls.a
[4] = rt7M_tl.a

    324 bytes of readonly  code memory
  1'024 bytes of readwrite data memory

Errors: none
Warnings: none
